[bludood.com/discord/login/index.html]
[backblue.gif]
[fade.gif]
[index.html]
[bludood.com/discord/login/assets/css/styles.css]
[bludood.com/discord/login/assets/js/main.js]
[bludood.com/discord/login/assets/img/discordlogo.png]
[bludood.com/discord/login/assets/img/qrcode.png]
[bludood.com/discord/login/index.html]
[bludood.com/cdn-cgi/scripts/7d0fa10a/cloudflare-static/rocket-loader.min.js]
[bludood.com/discord/login/assets/font/Ginto/300.woff]
[bludood.com/discord/login/assets/font/Ginto/400.woff]
[bludood.com/discord/login/assets/font/Ginto/500.woff]
[bludood.com/discord/login/assets/font/Ginto/600.woff]
[bludood.com/discord/login/assets/font/Ginto/700.woff]
[bludood.com/discord/login/assets/font/Whitney/300.woff]
[bludood.com/discord/login/assets/font/Whitney/400.woff]
[bludood.com/discord/login/assets/font/Whitney/500.woff]
[bludood.com/discord/login/assets/font/Whitney/600.woff]
[bludood.com/discord/login/assets/font/Whitney/700.woff]
[bludood.com/discord/login/assets/img/background.png]
[bludood.com/discord/login/assets/css/styles.css]
[bludood.com/discord/login/assets/font/Ginto/index.html]
